{"level":"info","message":"Express app configured successfully","service":"clinisalud-api","timestamp":"2026-05-05 12:48:48"}
{"level":"info","message":"Express app configured successfully","service":"clinisalud-api","timestamp":"2026-05-05 12:48:48"}
{"level":"info","message":"Express app configured successfully","service":"clinisalud-api","timestamp":"2026-05-05 12:48:48"}
{"level":"info","message":"Express app configured successfully","service":"clinisalud-api","timestamp":"2026-05-05 12:49:05"}
{"level":"info","message":"Express app configured successfully","service":"clinisalud-api","timestamp":"2026-05-05 12:49:05"}
{"level":"info","message":"Express app configured successfully","service":"clinisalud-api","timestamp":"2026-05-05 12:49:05"}
{"level":"info","message":"Express app configured successfully","service":"clinisalud-api","timestamp":"2026-05-05 12:49:17"}
{"level":"info","message":"Express app configured successfully","service":"clinisalud-api","timestamp":"2026-05-05 12:52:36"}
{"level":"info","message":"Express app configured successfully","service":"clinisalud-api","timestamp":"2026-05-05 13:13:51"}
{"level":"info","message":"Express app configured successfully","service":"clinisalud-api","timestamp":"2026-05-05 13:17:07"}
{"level":"info","message":"Express app configured successfully","service":"clinisalud-api","timestamp":"2026-05-05 16:45:06"}
{"level":"info","message":"Express app configured successfully","service":"clinisalud-api","timestamp":"2026-05-05 16:45:11"}
{"level":"info","message":"Express app configured successfully","service":"clinisalud-api","timestamp":"2026-05-05 16:45:13"}
{"level":"info","message":"Express app configured successfully","service":"clinisalud-api","timestamp":"2026-05-05 16:45:32"}
{"level":"info","message":"Express app configured successfully","service":"clinisalud-api","timestamp":"2026-05-05 16:46:39"}
{"level":"info","message":"Express app configured successfully","service":"clinisalud-api","timestamp":"2026-05-05 16:50:07"}
{"level":"info","message":"Express app configured successfully","service":"clinisalud-api","timestamp":"2026-05-05 16:50:15"}
{"level":"info","message":"Express app configured successfully","service":"clinisalud-api","timestamp":"2026-05-05 16:50:38"}
{"level":"info","message":"Express app configured successfully","service":"clinisalud-api","timestamp":"2026-05-05 17:36:53"}
{"level":"info","message":"Express app configured successfully","service":"clinisalud-api","timestamp":"2026-05-05 17:36:57"}
{"level":"info","message":"Express app configured successfully","service":"clinisalud-api","timestamp":"2026-05-05 17:37:00"}
{"level":"info","message":"Express app configured successfully","service":"clinisalud-api","timestamp":"2026-05-05 17:45:13"}
{"level":"info","message":"Express app configured successfully","service":"clinisalud-api","timestamp":"2026-05-05 17:45:17"}
{"level":"info","message":"Express app configured successfully","service":"clinisalud-api","timestamp":"2026-05-05 17:45:19"}
{"level":"info","message":"Express app configured successfully","service":"clinisalud-api","timestamp":"2026-05-05 17:45:27"}
{"level":"info","message":"Express app configured successfully","service":"clinisalud-api","timestamp":"2026-05-05 17:45:55"}
{"level":"info","message":"Express app configured successfully","service":"clinisalud-api","timestamp":"2026-05-05 18:17:02"}
{"level":"info","message":"Express app configured successfully","service":"clinisalud-api","timestamp":"2026-05-05 18:17:04"}
{"level":"info","message":"Express app configured successfully","service":"clinisalud-api","timestamp":"2026-05-05 18:17:34"}
{"level":"info","message":"Express app configured successfully","service":"clinisalud-api","timestamp":"2026-05-05 18:34:40"}
{"level":"info","message":"Express app configured successfully","service":"clinisalud-api","timestamp":"2026-05-05 18:35:59"}
{"level":"info","message":"Express app configured successfully","service":"clinisalud-api","timestamp":"2026-05-05 18:44:45"}
{"level":"info","message":"Express app configured successfully","service":"clinisalud-api","timestamp":"2026-05-05 18:46:37"}
{"level":"info","message":"Express app configured successfully","service":"clinisalud-api","timestamp":"2026-05-05 18:46:53"}
{"level":"info","message":"Express app configured successfully","service":"clinisalud-api","timestamp":"2026-05-05 18:47:38"}
{"level":"info","message":"Express app configured successfully","service":"clinisalud-api","timestamp":"2026-05-05 18:49:06"}
{"level":"info","message":"Login attempt for email: admin@clinisalud.com","service":"clinisalud-api","timestamp":"2026-05-05 18:49:15"}
{"level":"info","message":"User logged in successfully: admin@clinisalud.com","service":"clinisalud-api","timestamp":"2026-05-05 18:49:16"}
{"level":"info","message":"Express app configured successfully","service":"clinisalud-api","timestamp":"2026-05-05 19:22:12"}
{"level":"info","message":"Express app configured successfully","service":"clinisalud-api","timestamp":"2026-05-05 19:23:45"}
{"level":"info","message":"Express app configured successfully","service":"clinisalud-api","timestamp":"2026-05-05 19:25:06"}
{"level":"info","message":"Login attempt for email: admin@clinisalud.com","service":"clinisalud-api","timestamp":"2026-05-05 19:25:14"}
{"level":"info","message":"User logged in successfully: admin@clinisalud.com","service":"clinisalud-api","timestamp":"2026-05-05 19:25:14"}
{"level":"info","message":"Express app configured successfully","service":"clinisalud-api","timestamp":"2026-05-05 19:30:50"}
{"level":"info","message":"Login attempt for email: admin@clinisalud.com","service":"clinisalud-api","timestamp":"2026-05-05 19:30:56"}
{"level":"info","message":"User logged in successfully: admin@clinisalud.com","service":"clinisalud-api","timestamp":"2026-05-05 19:30:56"}
{"level":"info","message":"Login attempt for email: admin@clinisalud.com","service":"clinisalud-api","timestamp":"2026-05-05 19:31:32"}
{"level":"info","message":"User logged in successfully: admin@clinisalud.com","service":"clinisalud-api","timestamp":"2026-05-05 19:31:32"}
{"level":"info","message":"Express app configured successfully","service":"clinisalud-api","timestamp":"2026-05-06 15:06:00"}
{"level":"info","message":"Express app configured successfully","service":"clinisalud-api","timestamp":"2026-05-06 15:13:28"}
{"level":"info","message":"Express app configured successfully","service":"clinisalud-api","timestamp":"2026-05-06 15:17:20"}
{"level":"info","message":"Express app configured successfully","service":"clinisalud-api","timestamp":"2026-05-11 22:11:40"}
{"level":"info","message":"Express app configured successfully","service":"clinisalud-api","timestamp":"2026-05-11 22:12:50"}
{"level":"info","message":"Express app configured successfully","service":"clinisalud-api","timestamp":"2026-05-11 22:13:11"}
{"level":"info","message":"Express app configured successfully","service":"clinisalud-api","timestamp":"2026-05-11 22:13:13"}
{"level":"info","message":"Express app configured successfully","service":"clinisalud-api","timestamp":"2026-05-11 22:13:18"}
{"level":"info","message":"Express app configured successfully","service":"clinisalud-api","timestamp":"2026-05-11 22:22:56"}
{"level":"info","message":"Login attempt for email: admin@clinisalud.com","service":"clinisalud-api","timestamp":"2026-05-11 22:29:53"}
{"level":"info","message":"User logged in successfully: admin@clinisalud.com","service":"clinisalud-api","timestamp":"2026-05-11 22:29:53"}
{"level":"info","message":"Express app configured successfully","service":"clinisalud-api","timestamp":"2026-05-11 22:35:53"}
{"level":"info","message":"Express app configured successfully","service":"clinisalud-api","timestamp":"2026-05-11 22:53:54"}
{"level":"info","message":"Login attempt for email: admin@clinisalud.com","service":"clinisalud-api","timestamp":"2026-05-11 22:54:03"}
{"level":"info","message":"User logged in successfully: admin@clinisalud.com","service":"clinisalud-api","timestamp":"2026-05-11 22:54:04"}
{"level":"info","message":"Login attempt for email: wilmercado@gmail.com","service":"clinisalud-api","timestamp":"2026-05-11 22:56:16"}
{"error":"401:Usuario no encontrado","level":"error","message":"Login failed for email: wilmercado@gmail.com","service":"clinisalud-api","timestamp":"2026-05-11 22:56:16"}
{"level":"info","message":"Login attempt for email: wmercado@gmail.com","service":"clinisalud-api","timestamp":"2026-05-11 22:56:23"}
{"level":"info","message":"User logged in successfully: wmercado@gmail.com","service":"clinisalud-api","timestamp":"2026-05-11 22:56:23"}
{"level":"info","message":"Login attempt for email: admin@clinisalud.com","service":"clinisalud-api","timestamp":"2026-05-11 22:56:33"}
{"level":"info","message":"User logged in successfully: admin@clinisalud.com","service":"clinisalud-api","timestamp":"2026-05-11 22:56:34"}
{"level":"info","message":"Login attempt for email: admin@clinisalud.com","service":"clinisalud-api","timestamp":"2026-05-11 23:44:06"}
{"level":"info","message":"User logged in successfully: admin@clinisalud.com","service":"clinisalud-api","timestamp":"2026-05-11 23:44:06"}
{"level":"info","message":"Express app configured successfully","service":"clinisalud-api","timestamp":"2026-05-11 23:56:45"}
{"level":"info","message":"Express app configured successfully","service":"clinisalud-api","timestamp":"2026-05-11 23:56:53"}
{"level":"info","message":"Login attempt for email: admin@clinisalud.com","service":"clinisalud-api","timestamp":"2026-05-11 23:57:18"}
{"level":"info","message":"User logged in successfully: admin@clinisalud.com","service":"clinisalud-api","timestamp":"2026-05-11 23:57:18"}
{"level":"info","message":"Login attempt for email: wmercado@gmail.com","service":"clinisalud-api","timestamp":"2026-05-12 00:10:36"}
{"error":"401:Credenciales inválidas","level":"error","message":"Login failed for email: wmercado@gmail.com","service":"clinisalud-api","timestamp":"2026-05-12 00:10:36"}
{"level":"info","message":"Login attempt for email: admin@clinisalud.com","service":"clinisalud-api","timestamp":"2026-05-12 00:10:45"}
{"level":"info","message":"User logged in successfully: admin@clinisalud.com","service":"clinisalud-api","timestamp":"2026-05-12 00:10:45"}
{"level":"info","message":"Login attempt for email: ed@gmail.com","service":"clinisalud-api","timestamp":"2026-05-12 00:11:39"}
{"level":"info","message":"User logged in successfully: ed@gmail.com","service":"clinisalud-api","timestamp":"2026-05-12 00:11:39"}
{"level":"info","message":"Login attempt for email: admin@clinisalud.com","service":"clinisalud-api","timestamp":"2026-05-12 00:11:52"}
{"level":"info","message":"User logged in successfully: admin@clinisalud.com","service":"clinisalud-api","timestamp":"2026-05-12 00:11:52"}
{"level":"info","message":"Express app configured successfully","service":"clinisalud-api","timestamp":"2026-05-22 23:06:03"}
{"level":"info","message":"Express app configured successfully","service":"clinisalud-api","timestamp":"2026-05-22 23:06:19"}
{"level":"info","message":"Express app configured successfully","service":"clinisalud-api","timestamp":"2026-05-22 23:13:11"}
{"level":"info","message":"Express app configured successfully","service":"clinisalud-api","timestamp":"2026-05-22 23:13:20"}
{"level":"info","message":"Express app configured successfully","service":"clinisalud-api","timestamp":"2026-05-22 23:17:48"}
{"level":"info","message":"Express app configured successfully","service":"clinisalud-api","timestamp":"2026-05-22 23:21:47"}
{"level":"info","message":"Express app configured successfully","service":"clinisalud-api","timestamp":"2026-05-22 23:32:59"}
{"level":"info","message":"Express app configured successfully","service":"clinisalud-api","timestamp":"2026-05-22 23:49:50"}
{"level":"info","message":"Express app configured successfully","service":"clinisalud-api","timestamp":"2026-05-23 12:04:58"}
{"level":"info","message":"Express app configured successfully","service":"clinisalud-api","timestamp":"2026-05-23 12:31:13"}
{"level":"info","message":"Express app configured successfully","service":"clinisalud-api","timestamp":"2026-05-23 12:34:20"}
{"level":"info","message":"Express app configured successfully","service":"clinisalud-api","timestamp":"2026-05-23 13:35:42"}
{"level":"info","message":"Express app configured successfully","service":"clinisalud-api","timestamp":"2026-05-23 13:42:06"}
{"level":"info","message":"Express app configured successfully","service":"clinisalud-api","timestamp":"2026-05-23 13:43:58"}
{"level":"info","message":"Express app configured successfully","service":"clinisalud-api","timestamp":"2026-05-23 13:49:43"}
{"level":"info","message":"Express app configured successfully","service":"clinisalud-api","timestamp":"2026-05-23 13:56:43"}
{"level":"info","message":"Express app configured successfully","service":"clinisalud-api","timestamp":"2026-05-23 13:58:05"}
{"level":"info","message":"Express app configured successfully","service":"clinisalud-api","timestamp":"2026-05-23 13:59:36"}
{"level":"info","message":"Express app configured successfully","service":"clinisalud-api","timestamp":"2026-05-23 14:00:49"}
{"level":"info","message":"Express app configured successfully","service":"clinisalud-api","timestamp":"2026-05-23 14:11:21"}
{"level":"info","message":"Express app configured successfully","service":"clinisalud-api","timestamp":"2026-05-23 15:20:03"}
{"level":"info","message":"Express app configured successfully","service":"clinisalud-api","timestamp":"2026-05-23 15:24:29"}
{"level":"info","message":"Express app configured successfully","service":"clinisalud-api","timestamp":"2026-05-23 15:30:27"}
{"level":"info","message":"Express app configured successfully","service":"clinisalud-api","timestamp":"2026-05-23 15:35:18"}
{"level":"info","message":"Express app configured successfully","service":"clinisalud-api","timestamp":"2026-05-23 15:37:18"}
{"level":"info","message":"Express app configured successfully","service":"clinisalud-api","timestamp":"2026-05-23 15:37:35"}
{"level":"info","message":"Express app configured successfully","service":"clinisalud-api","timestamp":"2026-05-23 15:53:04"}
{"level":"info","message":"Express app configured successfully","service":"clinisalud-api","timestamp":"2026-05-23 15:55:00"}
{"level":"info","message":"Express app configured successfully","service":"clinisalud-api","timestamp":"2026-05-23 15:55:15"}
{"level":"info","message":"Express app configured successfully","service":"clinisalud-api","timestamp":"2026-05-23 15:56:44"}
{"level":"info","message":"Express app configured successfully","service":"clinisalud-api","timestamp":"2026-05-23 16:08:49"}
{"level":"info","message":"Express app configured successfully","service":"clinisalud-api","timestamp":"2026-05-23 16:09:33"}
{"level":"info","message":"Express app configured successfully","service":"clinisalud-api","timestamp":"2026-05-23 16:11:34"}
{"level":"info","message":"Express app configured successfully","service":"clinisalud-api","timestamp":"2026-05-23 16:18:50"}
{"level":"info","message":"Express app configured successfully","service":"clinisalud-api","timestamp":"2026-05-23 16:19:05"}
{"level":"info","message":"Login attempt for email: admin@clinisalud.com","service":"clinisalud-api","timestamp":"2026-05-23 16:27:38"}
{"level":"info","message":"User logged in successfully: admin@clinisalud.com","service":"clinisalud-api","timestamp":"2026-05-23 16:27:38"}
{"level":"info","message":"Express app configured successfully","service":"clinisalud-api","timestamp":"2026-05-23 16:42:40"}
{"level":"info","message":"Express app configured successfully","service":"clinisalud-api","timestamp":"2026-05-23 16:45:27"}
{"level":"info","message":"Express app configured successfully","service":"clinisalud-api","timestamp":"2026-05-23 16:46:42"}
{"level":"info","message":"Express app configured successfully","service":"clinisalud-api","timestamp":"2026-05-23 16:48:36"}
{"level":"info","message":"Login attempt for email: admin@clinisalud.com","service":"clinisalud-api","timestamp":"2026-05-23 16:48:52"}
{"level":"info","message":"User logged in successfully: admin@clinisalud.com","service":"clinisalud-api","timestamp":"2026-05-23 16:48:52"}
{"level":"info","message":"Login attempt for email: sal@gmail.com","service":"clinisalud-api","timestamp":"2026-05-23 16:53:06"}
{"level":"info","message":"User logged in successfully: sal@gmail.com","service":"clinisalud-api","timestamp":"2026-05-23 16:53:06"}
{"level":"info","message":"Login attempt for email: admin@clinisalud.com","service":"clinisalud-api","timestamp":"2026-05-23 16:53:31"}
{"level":"info","message":"User logged in successfully: admin@clinisalud.com","service":"clinisalud-api","timestamp":"2026-05-23 16:53:31"}
{"level":"info","message":"Login attempt for email: sal@gmail.com","service":"clinisalud-api","timestamp":"2026-05-23 16:53:49"}
{"level":"info","message":"User logged in successfully: sal@gmail.com","service":"clinisalud-api","timestamp":"2026-05-23 16:53:50"}
{"level":"info","message":"Login attempt for email: admin@clinisalud.com","service":"clinisalud-api","timestamp":"2026-05-23 16:54:22"}
{"level":"info","message":"User logged in successfully: admin@clinisalud.com","service":"clinisalud-api","timestamp":"2026-05-23 16:54:22"}
{"level":"info","message":"Login attempt for email: sal@gmail.com","service":"clinisalud-api","timestamp":"2026-05-23 16:55:04"}
{"level":"info","message":"User logged in successfully: sal@gmail.com","service":"clinisalud-api","timestamp":"2026-05-23 16:55:04"}
{"level":"info","message":"Login attempt for email: sal@gmail.com","service":"clinisalud-api","timestamp":"2026-05-23 16:55:53"}
{"level":"info","message":"User logged in successfully: sal@gmail.com","service":"clinisalud-api","timestamp":"2026-05-23 16:55:53"}
{"level":"info","message":"Login attempt for email: admin@clinisalud.com","service":"clinisalud-api","timestamp":"2026-05-23 16:56:02"}
{"level":"info","message":"User logged in successfully: admin@clinisalud.com","service":"clinisalud-api","timestamp":"2026-05-23 16:56:02"}
{"level":"info","message":"Login attempt for email: sal@gmail.com","service":"clinisalud-api","timestamp":"2026-05-23 17:06:31"}
{"level":"info","message":"User logged in successfully: sal@gmail.com","service":"clinisalud-api","timestamp":"2026-05-23 17:06:31"}
{"level":"info","message":"Express app configured successfully","service":"clinisalud-api","timestamp":"2026-05-23 17:12:09"}
{"level":"info","message":"Express app configured successfully","service":"clinisalud-api","timestamp":"2026-05-23 17:13:37"}
{"level":"info","message":"Express app configured successfully","service":"clinisalud-api","timestamp":"2026-05-23 17:13:57"}
{"level":"info","message":"Login attempt for email: sal@gmail.com","service":"clinisalud-api","timestamp":"2026-05-23 17:14:24"}
{"error":"401:Usuario no encontrado","level":"error","message":"Login failed for email: sal@gmail.com","service":"clinisalud-api","timestamp":"2026-05-23 17:14:24"}
{"level":"info","message":"Login attempt for email: admin@clinisalud.com","service":"clinisalud-api","timestamp":"2026-05-23 17:14:30"}
{"level":"info","message":"User logged in successfully: admin@clinisalud.com","service":"clinisalud-api","timestamp":"2026-05-23 17:14:30"}
{"level":"info","message":"Login attempt for email: sal@gmail.com","service":"clinisalud-api","timestamp":"2026-05-23 17:15:10"}
{"error":"401:Credenciales inválidas","level":"error","message":"Login failed for email: sal@gmail.com","service":"clinisalud-api","timestamp":"2026-05-23 17:15:10"}
{"level":"info","message":"Login attempt for email: admin@clinisalud.com","service":"clinisalud-api","timestamp":"2026-05-23 17:15:19"}
{"level":"info","message":"User logged in successfully: admin@clinisalud.com","service":"clinisalud-api","timestamp":"2026-05-23 17:15:19"}
{"level":"info","message":"Login attempt for email: sa@gmail.com","service":"clinisalud-api","timestamp":"2026-05-23 17:16:11"}
{"level":"info","message":"User logged in successfully: sa@gmail.com","service":"clinisalud-api","timestamp":"2026-05-23 17:16:11"}
{"level":"info","message":"Login attempt for email: admin@clinisalud.com","service":"clinisalud-api","timestamp":"2026-05-23 17:16:45"}
{"level":"info","message":"User logged in successfully: admin@clinisalud.com","service":"clinisalud-api","timestamp":"2026-05-23 17:16:45"}
{"level":"info","message":"Express app configured successfully","service":"clinisalud-api","timestamp":"2026-05-23 17:17:23"}
{"level":"info","message":"Login attempt for email: admin@clinisalud.com","service":"clinisalud-api","timestamp":"2026-05-23 17:17:31"}
{"level":"info","message":"User logged in successfully: admin@clinisalud.com","service":"clinisalud-api","timestamp":"2026-05-23 17:17:31"}
{"level":"info","message":"Login attempt for email: admin@clinisalud.com","service":"clinisalud-api","timestamp":"2026-05-23 17:17:37"}
{"level":"info","message":"User logged in successfully: admin@clinisalud.com","service":"clinisalud-api","timestamp":"2026-05-23 17:17:37"}
{"level":"info","message":"Login attempt for email: sa@gmail.com","service":"clinisalud-api","timestamp":"2026-05-23 17:18:16"}
{"level":"info","message":"User logged in successfully: sa@gmail.com","service":"clinisalud-api","timestamp":"2026-05-23 17:18:16"}
{"level":"info","message":"Login attempt for email: admin@clinisalud.com","service":"clinisalud-api","timestamp":"2026-05-23 17:18:34"}
{"level":"info","message":"User logged in successfully: admin@clinisalud.com","service":"clinisalud-api","timestamp":"2026-05-23 17:18:34"}
{"level":"info","message":"Login attempt for email: sa@gmail.com","service":"clinisalud-api","timestamp":"2026-05-23 17:18:53"}
{"level":"info","message":"User logged in successfully: sa@gmail.com","service":"clinisalud-api","timestamp":"2026-05-23 17:18:53"}
{"level":"info","message":"Express app configured successfully","service":"clinisalud-api","timestamp":"2026-05-23 17:22:57"}
{"level":"info","message":"Login attempt for email: admin@clinisalud.com","service":"clinisalud-api","timestamp":"2026-05-23 17:25:01"}
{"level":"info","message":"User logged in successfully: admin@clinisalud.com","service":"clinisalud-api","timestamp":"2026-05-23 17:25:01"}
{"level":"info","message":"Login attempt for email: sa@gmail.com","service":"clinisalud-api","timestamp":"2026-05-23 17:25:44"}
{"error":"401:Credenciales inválidas","level":"error","message":"Login failed for email: sa@gmail.com","service":"clinisalud-api","timestamp":"2026-05-23 17:25:44"}
{"level":"info","message":"Login attempt for email: sa@gmail.com","service":"clinisalud-api","timestamp":"2026-05-23 17:25:49"}
{"level":"info","message":"User logged in successfully: sa@gmail.com","service":"clinisalud-api","timestamp":"2026-05-23 17:25:49"}
{"level":"info","message":"Express app configured successfully","service":"clinisalud-api","timestamp":"2026-05-23 17:29:10"}
{"level":"info","message":"Login attempt for email: admin@clinisalud.com","service":"clinisalud-api","timestamp":"2026-05-23 17:29:22"}
{"level":"info","message":"User logged in successfully: admin@clinisalud.com","service":"clinisalud-api","timestamp":"2026-05-23 17:29:22"}
{"level":"info","message":"Login attempt for email: sa@gmail.com","service":"clinisalud-api","timestamp":"2026-05-23 17:30:06"}
{"level":"info","message":"User logged in successfully: sa@gmail.com","service":"clinisalud-api","timestamp":"2026-05-23 17:30:06"}
{"level":"info","message":"Login attempt for email: admin@clinisalud.com","service":"clinisalud-api","timestamp":"2026-05-23 17:30:17"}
{"level":"info","message":"User logged in successfully: admin@clinisalud.com","service":"clinisalud-api","timestamp":"2026-05-23 17:30:17"}
{"level":"info","message":"Login attempt for email: sa@gmail.com","service":"clinisalud-api","timestamp":"2026-05-23 17:30:45"}
{"level":"info","message":"User logged in successfully: sa@gmail.com","service":"clinisalud-api","timestamp":"2026-05-23 17:30:45"}
{"level":"info","message":"Login attempt for email: admin@clinisalud.com","service":"clinisalud-api","timestamp":"2026-05-23 17:30:58"}
{"level":"info","message":"User logged in successfully: admin@clinisalud.com","service":"clinisalud-api","timestamp":"2026-05-23 17:30:58"}
{"level":"info","message":"Login attempt for email: sa@gmail.com","service":"clinisalud-api","timestamp":"2026-05-23 17:31:14"}
{"level":"info","message":"User logged in successfully: sa@gmail.com","service":"clinisalud-api","timestamp":"2026-05-23 17:31:15"}
{"level":"info","message":"Login attempt for email: admin@clinisalud.com","service":"clinisalud-api","timestamp":"2026-05-23 17:31:23"}
{"level":"info","message":"User logged in successfully: admin@clinisalud.com","service":"clinisalud-api","timestamp":"2026-05-23 17:31:23"}
{"level":"info","message":"Login attempt for email: sa@gmail.com","service":"clinisalud-api","timestamp":"2026-05-23 17:31:47"}
{"level":"info","message":"User logged in successfully: sa@gmail.com","service":"clinisalud-api","timestamp":"2026-05-23 17:31:47"}
{"level":"info","message":"Express app configured successfully","service":"clinisalud-api","timestamp":"2026-05-23 17:32:09"}
{"level":"info","message":"Express app configured successfully","service":"clinisalud-api","timestamp":"2026-07-29 14:12:49"}
{"level":"info","message":"Express app configured successfully","service":"clinisalud-api","timestamp":"2026-07-29 14:55:54"}
{"level":"info","message":"Login attempt for email: admin@clinisalud.com","service":"clinisalud-api","timestamp":"2026-07-29 14:56:12"}
{"error":"Usuario no encontrado","level":"error","message":"Login failed for email: admin@clinisalud.com","service":"clinisalud-api","timestamp":"2026-07-29 14:56:12"}
{"level":"info","message":"Login attempt for email: admin@clinisalud.com","service":"clinisalud-api","timestamp":"2026-07-29 14:57:45"}
{"error":"Usuario no encontrado","level":"error","message":"Login failed for email: admin@clinisalud.com","service":"clinisalud-api","timestamp":"2026-07-29 14:57:45"}
{"level":"info","message":"Express app configured successfully","service":"clinisalud-api","timestamp":"2026-07-29 15:00:00"}
{"level":"info","message":"Express app configured successfully","service":"clinisalud-api","timestamp":"2026-07-29 15:00:09"}
{"level":"info","message":"Express app configured successfully","service":"clinisalud-api","timestamp":"2026-07-29 15:01:55"}
{"level":"info","message":"Login attempt for email: admin@clinisalud.com","service":"clinisalud-api","timestamp":"2026-07-29 15:02:01"}
{"error":"Usuario no encontrado","level":"error","message":"Login failed for email: admin@clinisalud.com","service":"clinisalud-api","timestamp":"2026-07-29 15:02:01"}
{"level":"info","message":"Express app configured successfully","service":"clinisalud-api","timestamp":"2026-07-29 15:08:50"}
{"level":"info","message":"Express app configured successfully","service":"clinisalud-api","timestamp":"2026-07-29 15:11:42"}
{"level":"info","message":"Express app configured successfully","service":"clinisalud-api","timestamp":"2026-07-29 15:12:23"}
{"level":"info","message":"Login attempt for email: admin@clinisalud.com","service":"clinisalud-api","timestamp":"2026-07-29 15:12:54"}
{"level":"info","message":"User logged in successfully: admin@clinisalud.com","service":"clinisalud-api","timestamp":"2026-07-29 15:12:54"}
{"level":"info","message":"Express app configured successfully","service":"clinisalud-api","timestamp":"2026-07-29 15:15:09"}
{"level":"info","message":"Express app configured successfully","service":"clinisalud-api","timestamp":"2026-07-29 15:16:48"}
{"level":"info","message":"Login attempt for email: admin@clinisalud.com","service":"clinisalud-api","timestamp":"2026-07-29 15:17:09"}
{"level":"info","message":"User logged in successfully: admin@clinisalud.com","service":"clinisalud-api","timestamp":"2026-07-29 15:17:09"}
{"level":"info","message":"Login attempt for email: admin@clinisalud.com","service":"clinisalud-api","timestamp":"2026-07-29 15:33:32"}
{"level":"info","message":"User logged in successfully: admin@clinisalud.com","service":"clinisalud-api","timestamp":"2026-07-29 15:33:32"}
{"level":"info","message":"Login attempt for email: admin@clinisalud.com","service":"clinisalud-api","timestamp":"2026-07-29 15:55:35"}
{"level":"info","message":"User logged in successfully: admin@clinisalud.com","service":"clinisalud-api","timestamp":"2026-07-29 15:55:35"}
{"level":"info","message":"Express app configured successfully","service":"clinisalud-api","timestamp":"2026-07-29 15:55:54"}
{"level":"info","message":"Login attempt for email: admin@clinisalud.com","service":"clinisalud-api","timestamp":"2026-07-29 15:56:17"}
{"level":"info","message":"User logged in successfully: admin@clinisalud.com","service":"clinisalud-api","timestamp":"2026-07-29 15:56:17"}
{"level":"info","message":"Login attempt for email: admin@clinisalud.com","service":"clinisalud-api","timestamp":"2026-07-29 15:58:22"}
{"level":"info","message":"User logged in successfully: admin@clinisalud.com","service":"clinisalud-api","timestamp":"2026-07-29 15:58:22"}
{"level":"info","message":"Login attempt for email: admin@clinisalud.com","service":"clinisalud-api","timestamp":"2026-07-29 15:58:46"}
{"level":"info","message":"User logged in successfully: admin@clinisalud.com","service":"clinisalud-api","timestamp":"2026-07-29 15:58:46"}
{"level":"info","message":"Login attempt for email: admin@clinisalud.com","service":"clinisalud-api","timestamp":"2026-07-29 15:59:25"}
{"level":"info","message":"User logged in successfully: admin@clinisalud.com","service":"clinisalud-api","timestamp":"2026-07-29 15:59:25"}
{"level":"info","message":"Login attempt for email: admin@clinisalud.com","service":"clinisalud-api","timestamp":"2026-07-29 16:00:05"}
{"level":"info","message":"User logged in successfully: admin@clinisalud.com","service":"clinisalud-api","timestamp":"2026-07-29 16:00:05"}
{"level":"info","message":"Login attempt for email: admin@clinisalud.com","service":"clinisalud-api","timestamp":"2026-07-29 16:04:57"}
{"level":"info","message":"User logged in successfully: admin@clinisalud.com","service":"clinisalud-api","timestamp":"2026-07-29 16:04:57"}
{"level":"info","message":"Express app configured successfully","service":"clinisalud-api","timestamp":"2026-07-31 21:51:27"}
{"level":"info","message":"Login attempt for email: admin@clinisalud.com","service":"clinisalud-api","timestamp":"2026-07-31 21:51:42"}
{"level":"info","message":"User logged in successfully: admin@clinisalud.com","service":"clinisalud-api","timestamp":"2026-07-31 21:51:42"}
{"level":"info","message":"Profile updated for user ID: 1","service":"clinisalud-api","timestamp":"2026-07-31 22:48:16"}
